
> voterconnect@0.1.0 test
> jest

node.exe : FAIL src/__tests__/auth.test.tsx
At line:1 char:1
+ & "D:\Program Files\nodejs/node.exe" "D:\Program Files\nodejs/node_mo ...
+ ~~~~~~~~~~~~~~~~~~~~~~~~~~~~~~~~~~~~~~~~~~~~~~~~~~~~~~~~~~~~~~~~~~~~~
    + CategoryInfo          : NotSpecified: (FAIL src/__tests__/auth.test.tsx:String) [], RemoteException
    + FullyQualifiedErrorId : NativeCommandError
 
  ΓùÅ LoginForm ΓÇ║ calls login with correct credentials on valid submit

    TypeError: swalPromiseResolve is not a function

    [0m [90m 41 |[39m       })[33m;[39m
     [90m 42 |[39m     } [36mcatch[39m (err[33m:[39m any) {
    [31m[1m>[22m[39m[90m 43 |[39m       [33mSwal[39m[33m.[39mfire({
     [90m    |[39m            [31m[1m^[22m[39m
     [90m 44 |[39m         toast[33m:[39m [36mtrue[39m[33m,[39m
     [90m 45 |[39m         position[33m:[39m [32m'top-end'[39m[33m,[39m
     [90m 46 |[39m         icon[33m:[39m [32m'error'[39m[33m,[39m[0m

      at SweetAlert._main (node_modules/sweetalert2/dist/sweetalert2.all.js:4540:11)
      at new SweetAlert (node_modules/sweetalert2/dist/sweetalert2.all.js:4524:51)
      at SweetAlert.fire (node_modules/sweetalert2/dist/sweetalert2.all.js:3673:12)
      at fire (src/components/Auth/AuthForms.tsx:43:12)
      at executeDispatch (node_modules/react-dom/cjs/react-dom-client.development.js:19116:9)
      at runWithFiberInDEV (node_modules/react-dom/cjs/react-dom-client.development.js:874:13)
      at processDispatchQueue (node_modules/react-dom/cjs/react-dom-client.development.js:19166:19)
      at node_modules/react-dom/cjs/react-dom-client.development.js:19767:9
      at batchedUpdates$1 (node_modules/react-dom/cjs/react-dom-client.development.js:3255:40)
      at dispatchEventForPluginEventSystem (node_modules/react-dom/cjs/react-dom-client.development.js:19320:7)
      at dispatchEvent (node_modules/react-dom/cjs/react-dom-client.development.js:23585:11)
      at dispatchDiscreteEvent (node_modules/react-dom/cjs/react-dom-client.development.js:23553:11)
      at HTMLDivElement.callTheUserObjectsOperation 
(node_modules/jsdom/lib/jsdom/living/generated/EventListener.js:26:30)
      at innerInvokeEventListeners (node_modules/jsdom/lib/jsdom/living/events/EventTarget-impl.js:350:25)
      at invokeEventListeners (node_modules/jsdom/lib/jsdom/living/events/EventTarget-impl.js:286:3)
      at HTMLFormElementImpl._dispatch (node_modules/jsdom/lib/jsdom/living/events/EventTarget-impl.js:233:9)
      at HTMLFormElementImpl.dispatchEvent (node_modules/jsdom/lib/jsdom/living/events/EventTarget-impl.js:104:17)
      at Proxy.dispatchEvent (node_modules/jsdom/lib/jsdom/living/generated/EventTarget.js:241:34)
      at node_modules/@testing-library/dom/dist/events.js:19:20
      at node_modules/@testing-library/react/dist/pure.js:107:16
      at node_modules/@testing-library/react/dist/act-compat.js:47:24
      at process.env.NODE_ENV.exports.act (node_modules/react/cjs/react.development.js:814:22)
      at node_modules/@testing-library/react/dist/act-compat.js:46:25
      at Object.eventWrapper (node_modules/@testing-library/react/dist/pure.js:106:28)
      at fireEvent (node_modules/@testing-library/dom/dist/events.js:12:35)
      at fireEvent.<computed> [as submit] (node_modules/@testing-library/dom/dist/events.js:110:36)
      at fireEvent.<computed> [as submit] (node_modules/@testing-library/react/dist/fire-event.js:15:52)
      at Object.submit (src/__tests__/auth.test.tsx:68:25)

  ΓùÅ LoginForm ΓÇ║ calls login with correct credentials on valid submit

    TypeError: swalPromiseResolve is not a function

    [0m [90m 41 |[39m       })[33m;[39m
     [90m 42 |[39m     } [36mcatch[39m (err[33m:[39m any) {
    [31m[1m>[22m[39m[90m 43 |[39m       [33mSwal[39m[33m.[39mfire({
     [90m    |[39m            [31m[1m^[22m[39m
     [90m 44 |[39m         toast[33m:[39m [36mtrue[39m[33m,[39m
     [90m 45 |[39m         position[33m:[39m [32m'top-end'[39m[33m,[39m
     [90m 46 |[39m         icon[33m:[39m [32m'error'[39m[33m,[39m[0m

      at SweetAlert._main (node_modules/sweetalert2/dist/sweetalert2.all.js:4540:11)
      at new SweetAlert (node_modules/sweetalert2/dist/sweetalert2.all.js:4524:51)
      at SweetAlert.fire (node_modules/sweetalert2/dist/sweetalert2.all.js:3673:12)
      at fire (src/components/Auth/AuthForms.tsx:43:12)
      at executeDispatch (node_modules/react-dom/cjs/react-dom-client.development.js:19116:9)
      at runWithFiberInDEV (node_modules/react-dom/cjs/react-dom-client.development.js:874:13)
      at processDispatchQueue (node_modules/react-dom/cjs/react-dom-client.development.js:19166:19)
      at node_modules/react-dom/cjs/react-dom-client.development.js:19767:9
      at batchedUpdates$1 (node_modules/react-dom/cjs/react-dom-client.development.js:3255:40)
      at dispatchEventForPluginEventSystem (node_modules/react-dom/cjs/react-dom-client.development.js:19320:7)
      at dispatchEvent (node_modules/react-dom/cjs/react-dom-client.development.js:23585:11)
      at dispatchDiscreteEvent (node_modules/react-dom/cjs/react-dom-client.development.js:23553:11)
      at HTMLDivElement.callTheUserObjectsOperation 
(node_modules/jsdom/lib/jsdom/living/generated/EventListener.js:26:30)
      at innerInvokeEventListeners (node_modules/jsdom/lib/jsdom/living/events/EventTarget-impl.js:350:25)
      at invokeEventListeners (node_modules/jsdom/lib/jsdom/living/events/EventTarget-impl.js:286:3)
      at HTMLFormElementImpl._dispatch (node_modules/jsdom/lib/jsdom/living/events/EventTarget-impl.js:233:9)
      at HTMLFormElementImpl.dispatchEvent (node_modules/jsdom/lib/jsdom/living/events/EventTarget-impl.js:104:17)
      at Proxy.dispatchEvent (node_modules/jsdom/lib/jsdom/living/generated/EventTarget.js:241:34)
      at node_modules/@testing-library/dom/dist/events.js:19:20
      at node_modules/@testing-library/react/dist/pure.js:107:16
      at node_modules/@testing-library/react/dist/act-compat.js:47:24
      at process.env.NODE_ENV.exports.act (node_modules/react/cjs/react.development.js:814:22)
      at node_modules/@testing-library/react/dist/act-compat.js:46:25
      at Object.eventWrapper (node_modules/@testing-library/react/dist/pure.js:106:28)
      at fireEvent (node_modules/@testing-library/dom/dist/events.js:12:35)
      at fireEvent.<computed> [as submit] (node_modules/@testing-library/dom/dist/events.js:110:36)
      at fireEvent.<computed> [as submit] (node_modules/@testing-library/react/dist/fire-event.js:15:52)
      at Object.submit (src/__tests__/auth.test.tsx:68:25)

PASS src/__tests__/search.test.tsx (5.446 s)
  ΓùÅ Console

    console.error
      An update to ForwardRef(LoadableComponent) inside a test was not wrapped in act(...).
      
      When testing, code that causes React state updates should be wrapped into act(...):
      
      act(() => {
        /* fire events that update state */
      });
      /* assert on the output */
      
      This ensures that you're testing the behavior the user would see in the browser. Learn more at 
https://react.dev/link/wrap-tests-with-act

      at node_modules/react-dom/cjs/react-dom-client.development.js:18758:19
      at runWithFiberInDEV (node_modules/react-dom/cjs/react-dom-client.development.js:874:13)
      at warnIfUpdatesNotWrappedWithActDEV (node_modules/react-dom/cjs/react-dom-client.development.js:18757:9)
      at scheduleUpdateOnFiber (node_modules/react-dom/cjs/react-dom-client.development.js:16409:11)
      at forceStoreRerender (node_modules/react-dom/cjs/react-dom-client.development.js:8262:24)
      at node_modules/react-dom/cjs/react-dom-client.development.js:8247:11
      at callback (node_modules/next/src/shared/lib/loadable.shared-runtime.tsx:235:48)
          at Set.forEach (<anonymous>)
      at LoadableSubscription.forEach (node_modules/next/src/shared/lib/loadable.shared-runtime.tsx:235:21)
      at _update (node_modules/next/src/shared/lib/loadable.shared-runtime.tsx:217:14)

    console.error
      React does not recognize the `whileHover` prop on a DOM element. If you intentionally want it to appear in the 
DOM as a custom attribute, spell it as lowercase `whilehover` instead. If you accidentally passed it from a parent 
component, remove it from the DOM element.

      at validateProperty (node_modules/react-dom/cjs/react-dom-client.development.js:3001:19)
      at warnUnknownProperties (node_modules/react-dom/cjs/react-dom-client.development.js:3146:9)
      at validatePropertiesInDevelopment (node_modules/react-dom/cjs/react-dom-client.development.js:19868:9)
      at setInitialProperties (node_modules/react-dom/cjs/react-dom-client.development.js:20491:7)
      at completeWork (node_modules/react-dom/cjs/react-dom-client.development.js:12662:18)
      at runWithFiberInDEV (node_modules/react-dom/cjs/react-dom-client.development.js:874:13)
      at completeUnitOfWork (node_modules/react-dom/cjs/react-dom-client.development.js:17777:19)
      at performUnitOfWork (node_modules/react-dom/cjs/react-dom-client.development.js:17658:11)
      at workLoopSync (node_modules/react-dom/cjs/react-dom-client.development.js:17469:41)
      at renderRootSync (node_modules/react-dom/cjs/react-dom-client.development.js:17450:11)
      at performWorkOnRoot (node_modules/react-dom/cjs/react-dom-client.development.js:16504:11)
      at performSyncWorkOnRoot (node_modules/react-dom/cjs/react-dom-client.development.js:18972:7)
      at flushSyncWorkAcrossRoots_impl (node_modules/react-dom/cjs/react-dom-client.development.js:18814:21)
      at processRootScheduleInMicrotask (node_modules/react-dom/cjs/react-dom-client.development.js:18853:9)
      at node_modules/react-dom/cjs/react-dom-client.development.js:18991:13
      at invokeTheCallbackFunction (node_modules/jsdom/lib/jsdom/living/generated/Function.js:19:26)
      at node_modules/jsdom/lib/jsdom/browser/Window.js:613:9

    console.error
      An update to ForwardRef(LoadableComponent) inside a test was not wrapped in act(...).
      
      When testing, code that causes React state updates should be wrapped into act(...):
      
      act(() => {
        /* fire events that update state */
      });
      /* assert on the output */
      
      This ensures that you're testing the behavior the user would see in the browser. Learn more at 
https://react.dev/link/wrap-tests-with-act

      at node_modules/react-dom/cjs/react-dom-client.development.js:18758:19
      at runWithFiberInDEV (node_modules/react-dom/cjs/react-dom-client.development.js:874:13)
      at warnIfUpdatesNotWrappedWithActDEV (node_modules/react-dom/cjs/react-dom-client.development.js:18757:9)
      at scheduleUpdateOnFiber (node_modules/react-dom/cjs/react-dom-client.development.js:16409:11)
      at forceStoreRerender (node_modules/react-dom/cjs/react-dom-client.development.js:8262:24)
      at node_modules/react-dom/cjs/react-dom-client.development.js:8247:11
      at callback (node_modules/next/src/shared/lib/loadable.shared-runtime.tsx:235:48)
          at Set.forEach (<anonymous>)
      at LoadableSubscription.forEach (node_modules/next/src/shared/lib/loadable.shared-runtime.tsx:235:21)
      at _update (node_modules/next/src/shared/lib/loadable.shared-runtime.tsx:217:14)

    console.error
      An update to ForwardRef(LoadableComponent) inside a test was not wrapped in act(...).
      
      When testing, code that causes React state updates should be wrapped into act(...):
      
      act(() => {
        /* fire events that update state */
      });
      /* assert on the output */
      
      This ensures that you're testing the behavior the user would see in the browser. Learn more at 
https://react.dev/link/wrap-tests-with-act

      at node_modules/react-dom/cjs/react-dom-client.development.js:18758:19
      at runWithFiberInDEV (node_modules/react-dom/cjs/react-dom-client.development.js:874:13)
      at warnIfUpdatesNotWrappedWithActDEV (node_modules/react-dom/cjs/react-dom-client.development.js:18757:9)
      at scheduleUpdateOnFiber (node_modules/react-dom/cjs/react-dom-client.development.js:16409:11)
      at forceStoreRerender (node_modules/react-dom/cjs/react-dom-client.development.js:8262:24)
      at node_modules/react-dom/cjs/react-dom-client.development.js:8247:11
      at callback (node_modules/next/src/shared/lib/loadable.shared-runtime.tsx:235:48)
          at Set.forEach (<anonymous>)
      at LoadableSubscription.forEach (node_modules/next/src/shared/lib/loadable.shared-runtime.tsx:235:21)
      at _update (node_modules/next/src/shared/lib/loadable.shared-runtime.tsx:217:14)

    console.error
      An update to ForwardRef(LoadableComponent) inside a test was not wrapped in act(...).
      
      When testing, code that causes React state updates should be wrapped into act(...):
      
      act(() => {
        /* fire events that update state */
      });
      /* assert on the output */
      
      This ensures that you're testing the behavior the user would see in the browser. Learn more at 
https://react.dev/link/wrap-tests-with-act

      at node_modules/react-dom/cjs/react-dom-client.development.js:18758:19
      at runWithFiberInDEV (node_modules/react-dom/cjs/react-dom-client.development.js:874:13)
      at warnIfUpdatesNotWrappedWithActDEV (node_modules/react-dom/cjs/react-dom-client.development.js:18757:9)
      at scheduleUpdateOnFiber (node_modules/react-dom/cjs/react-dom-client.development.js:16409:11)
      at forceStoreRerender (node_modules/react-dom/cjs/react-dom-client.development.js:8262:24)
      at node_modules/react-dom/cjs/react-dom-client.development.js:8247:11
      at callback (node_modules/next/src/shared/lib/loadable.shared-runtime.tsx:235:48)
          at Set.forEach (<anonymous>)
      at LoadableSubscription.forEach (node_modules/next/src/shared/lib/loadable.shared-runtime.tsx:235:21)
      at _update (node_modules/next/src/shared/lib/loadable.shared-runtime.tsx:217:14)

    console.error
      An update to ForwardRef(LoadableComponent) inside a test was not wrapped in act(...).
      
      When testing, code that causes React state updates should be wrapped into act(...):
      
      act(() => {
        /* fire events that update state */
      });
      /* assert on the output */
      
      This ensures that you're testing the behavior the user would see in the browser. Learn more at 
https://react.dev/link/wrap-tests-with-act

      at node_modules/react-dom/cjs/react-dom-client.development.js:18758:19
      at runWithFiberInDEV (node_modules/react-dom/cjs/react-dom-client.development.js:874:13)
      at warnIfUpdatesNotWrappedWithActDEV (node_modules/react-dom/cjs/react-dom-client.development.js:18757:9)
      at scheduleUpdateOnFiber (node_modules/react-dom/cjs/react-dom-client.development.js:16409:11)
      at forceStoreRerender (node_modules/react-dom/cjs/react-dom-client.development.js:8262:24)
      at node_modules/react-dom/cjs/react-dom-client.development.js:8247:11
      at callback (node_modules/next/src/shared/lib/loadable.shared-runtime.tsx:235:48)
          at Set.forEach (<anonymous>)
      at LoadableSubscription.forEach (node_modules/next/src/shared/lib/loadable.shared-runtime.tsx:235:21)
      at _update (node_modules/next/src/shared/lib/loadable.shared-runtime.tsx:217:14)

    console.error
      React does not recognize the `whileInView` prop on a DOM element. If you intentionally want it to appear in the 
DOM as a custom attribute, spell it as lowercase `whileinview` instead. If you accidentally passed it from a parent 
component, remove it from the DOM element.

      at validateProperty (node_modules/react-dom/cjs/react-dom-client.development.js:3001:19)
      at warnUnknownProperties (node_modules/react-dom/cjs/react-dom-client.development.js:3146:9)
      at validatePropertiesInDevelopment (node_modules/react-dom/cjs/react-dom-client.development.js:19868:9)
      at setInitialProperties (node_modules/react-dom/cjs/react-dom-client.development.js:20491:7)
      at completeWork (node_modules/react-dom/cjs/react-dom-client.development.js:12662:18)
      at runWithFiberInDEV (node_modules/react-dom/cjs/react-dom-client.development.js:874:13)
      at completeUnitOfWork (node_modules/react-dom/cjs/react-dom-client.development.js:17777:19)
      at performUnitOfWork (node_modules/react-dom/cjs/react-dom-client.development.js:17658:11)
      at workLoopSync (node_modules/react-dom/cjs/react-dom-client.development.js:17469:41)
      at renderRootSync (node_modules/react-dom/cjs/react-dom-client.development.js:17450:11)
      at performWorkOnRoot (node_modules/react-dom/cjs/react-dom-client.development.js:16504:11)
      at performSyncWorkOnRoot (node_modules/react-dom/cjs/react-dom-client.development.js:18972:7)
      at flushSyncWorkAcrossRoots_impl (node_modules/react-dom/cjs/react-dom-client.development.js:18814:21)
      at processRootScheduleInMicrotask (node_modules/react-dom/cjs/react-dom-client.development.js:18853:9)
      at node_modules/react-dom/cjs/react-dom-client.development.js:18991:13
      at invokeTheCallbackFunction (node_modules/jsdom/lib/jsdom/living/generated/Function.js:19:26)
      at node_modules/jsdom/lib/jsdom/browser/Window.js:613:9

    console.error
      Received `true` for a non-boolean attribute `layout`.
      
      If you want to write it to the DOM, pass a string instead: layout="true" or layout={value.toString()}.

      at validateProperty (node_modules/react-dom/cjs/react-dom-client.development.js:3070:27)
      at warnUnknownProperties (node_modules/react-dom/cjs/react-dom-client.development.js:3146:9)
      at validatePropertiesInDevelopment (node_modules/react-dom/cjs/react-dom-client.development.js:19868:9)
      at setInitialProperties (node_modules/react-dom/cjs/react-dom-client.development.js:20491:7)
      at completeWork (node_modules/react-dom/cjs/react-dom-client.development.js:12662:18)
      at runWithFiberInDEV (node_modules/react-dom/cjs/react-dom-client.development.js:874:13)
      at completeUnitOfWork (node_modules/react-dom/cjs/react-dom-client.development.js:17777:19)
      at performUnitOfWork (node_modules/react-dom/cjs/react-dom-client.development.js:17658:11)
      at workLoopSync (node_modules/react-dom/cjs/react-dom-client.development.js:17469:41)
      at renderRootSync (node_modules/react-dom/cjs/react-dom-client.development.js:17450:11)
      at performWorkOnRoot (node_modules/react-dom/cjs/react-dom-client.development.js:16504:11)
      at performSyncWorkOnRoot (node_modules/react-dom/cjs/react-dom-client.development.js:18972:7)
      at flushSyncWorkAcrossRoots_impl (node_modules/react-dom/cjs/react-dom-client.development.js:18814:21)
      at processRootScheduleInMicrotask (node_modules/react-dom/cjs/react-dom-client.development.js:18853:9)
      at node_modules/react-dom/cjs/react-dom-client.development.js:18991:13
      at invokeTheCallbackFunction (node_modules/jsdom/lib/jsdom/living/generated/Function.js:19:26)
      at node_modules/jsdom/lib/jsdom/browser/Window.js:613:9


Test Suites: 1 failed, 1 passed, 2 total
Tests:       1 failed, 6 passed, 7 total
Snapshots:   0 total
Time:        11.314 s
Ran all test suites.
